# serializer version: 1
# name: test_decompose_sammelmeldung[input-obds-reports/test-2patients.xml]
  list([
    dict({
      'payload': dict({
        'LKR_MELDUNG': 'FK0037275',
        'REFERENZ_NUMMER': '1004444444',
        'VERSIONSNUMMER': 1,
        'XML_DATEN': '''
          <?xml version='1.0' encoding='utf-8'?>
          <ADT_GEKID xmlns="http://www.gekid.de/namespace" Schema_Version="2.2.1">
            <Absender Absender_ID="UKKK_ONKOSTAR" Software_ID="ONKOSTAR" Installations_ID="2.11.1.4">
              <Absender_Bezeichnung>UKKK</Absender_Bezeichnung>
              <Absender_Ansprechpartner />
              <Absender_Anschrift>xxxxxxxxxxxxxxxxxxxx</Absender_Anschrift>
            </Absender>
            <Menge_Patient>
              <Patient>
                <Patienten_Stammdaten Patient_ID="1004444444">
                  <KrankenversichertenNr>F00000000</KrankenversichertenNr>
                  <KrankenkassenNr>9999999</KrankenkassenNr>
                  <Patienten_Nachname>Hafnero</Patienten_Nachname>
                  <Patienten_Vornamen>B</Patienten_Vornamen>
                  <Patienten_Geburtsname>E</Patienten_Geburtsname>
                  <Patienten_Geschlecht>W</Patienten_Geschlecht>
                  <Patienten_Geburtsdatum>14.01.1900</Patienten_Geburtsdatum>
                  <Menge_Adresse>
                    <Adresse>
                      <Patienten_Land>DE</Patienten_Land>
                      <Patienten_PLZ>91058</Patienten_PLZ>
                      <Patienten_Ort>Erlangen</Patienten_Ort>
                    </Adresse>
                  </Menge_Adresse>
                </Patienten_Stammdaten>
                <Menge_Meldung>
                  <Meldung Meldung_ID="FK0037275" Melder_ID="FK">
                    <Meldedatum>10.03.1900</Meldedatum>
                    <Meldebegruendung>I</Meldebegruendung>
                    <Meldeanlass>diagnose</Meldeanlass>
                    <Tumorzuordnung Tumor_ID="1">
                      <Primaertumor_ICD_Code>D07.3</Primaertumor_ICD_Code>
                      <Primaertumor_ICD_Version>10 2022 GM</Primaertumor_ICD_Version>
                      <Diagnosedatum>08.08.1900</Diagnosedatum>
                      <Seitenlokalisation>L</Seitenlokalisation>
                    </Tumorzuordnung>
                    <Diagnose Tumor_ID="1">
                      <Primaertumor_ICD_Code>D07.3</Primaertumor_ICD_Code>
                      <Primaertumor_ICD_Version>10 2022 GM</Primaertumor_ICD_Version>
                      <Primaertumor_Topographie_ICD_O>C56.9</Primaertumor_Topographie_ICD_O>
                      <Primaertumor_Topographie_ICD_O_Version>32</Primaertumor_Topographie_ICD_O_Version>
                      <Diagnosedatum>08.08.1900</Diagnosedatum>
                      <Diagnosesicherung>7</Diagnosesicherung>
                      <Seitenlokalisation>L</Seitenlokalisation>
                      <Menge_Histologie>
                        <Histologie Histologie_ID="280106">
                          <Tumor_Histologiedatum>08.08.1900</Tumor_Histologiedatum>
                          <Histologie_EinsendeNr>12223678</Histologie_EinsendeNr>
                          <Morphologie_Code>8460/2</Morphologie_Code>
                          <Morphologie_ICD_O_Version>33</Morphologie_ICD_O_Version>
                          <Grading>B</Grading>
                        </Histologie>
                        <Histologie Histologie_ID="280094">
                          <Tumor_Histologiedatum>01.09.1900</Tumor_Histologiedatum>
                          <Histologie_EinsendeNr>12226123</Histologie_EinsendeNr>
                          <Morphologie_Code>8460/2</Morphologie_Code>
                          <Morphologie_ICD_O_Version>33</Morphologie_ICD_O_Version>
                          <Grading>B</Grading>
                        </Histologie>
                      </Menge_Histologie>
                      <cTNM TNM_ID="280114_k">
                        <TNM_Datum>08.08.2022</TNM_Datum>
                        <TNM_Version>8</TNM_Version>
                        <TNM_c_p_u_Praefix_T>c</TNM_c_p_u_Praefix_T>
                        <TNM_T>is</TNM_T>
                        <TNM_c_p_u_Praefix_N>c</TNM_c_p_u_Praefix_N>
                        <TNM_N>0</TNM_N>
                        <TNM_c_p_u_Praefix_M>c</TNM_c_p_u_Praefix_M>
                        <TNM_M>0</TNM_M>
                      </cTNM>
                      <pTNM TNM_ID="280094">
                        <TNM_Datum>01.09.2022</TNM_Datum>
                        <TNM_Version>8</TNM_Version>
                        <TNM_c_p_u_Praefix_T>p</TNM_c_p_u_Praefix_T>
                        <TNM_T>1c3</TNM_T>
                        <TNM_L>L0</TNM_L>
                        <TNM_V>V0</TNM_V>
                        <TNM_Pn>Pn0</TNM_Pn>
                      </pTNM>
                      <Modul_Allgemein>
                        <DatumSozialdienstkontakt>
                          <Datum>1900-09-12</Datum>
                        </DatumSozialdienstkontakt>
                        <DatumStudienrekrutierung>
                          <NU>N</NU>
                        </DatumStudienrekrutierung>
                      </Modul_Allgemein>
                    </Diagnose>
                  </Meldung>
                </Menge_Meldung>
              </Patient>
            </Menge_Patient>
          </ADT_GEKID>
        ''',
      }),
    }),
    dict({
      'payload': dict({
        'LKR_MELDUNG': 'FK0037276',
        'REFERENZ_NUMMER': '1004444444',
        'VERSIONSNUMMER': 1,
        'XML_DATEN': '''
          <?xml version='1.0' encoding='utf-8'?>
          <ADT_GEKID xmlns="http://www.gekid.de/namespace" Schema_Version="2.2.1">
            <Absender Absender_ID="UKKK_ONKOSTAR" Software_ID="ONKOSTAR" Installations_ID="2.11.1.4">
              <Absender_Bezeichnung>UKKK</Absender_Bezeichnung>
              <Absender_Ansprechpartner />
              <Absender_Anschrift>xxxxxxxxxxxxxxxxxxxx</Absender_Anschrift>
            </Absender>
            <Menge_Patient>
              <Patient>
                <Patienten_Stammdaten Patient_ID="1004444444">
                  <KrankenversichertenNr>F00000000</KrankenversichertenNr>
                  <KrankenkassenNr>9999999</KrankenkassenNr>
                  <Patienten_Nachname>Hafnero</Patienten_Nachname>
                  <Patienten_Vornamen>B</Patienten_Vornamen>
                  <Patienten_Geburtsname>E</Patienten_Geburtsname>
                  <Patienten_Geschlecht>W</Patienten_Geschlecht>
                  <Patienten_Geburtsdatum>14.01.1900</Patienten_Geburtsdatum>
                  <Menge_Adresse>
                    <Adresse>
                      <Patienten_Land>DE</Patienten_Land>
                      <Patienten_PLZ>91058</Patienten_PLZ>
                      <Patienten_Ort>Erlangen</Patienten_Ort>
                    </Adresse>
                  </Menge_Adresse>
                </Patienten_Stammdaten>
                <Menge_Meldung>
                  <Meldung Meldung_ID="FK0037276" Melder_ID="FK">
                    <Meldedatum>10.03.1900</Meldedatum>
                    <Meldebegruendung>I</Meldebegruendung>
                    <Meldeanlass>behandlungsende</Meldeanlass>
                    <Tumorzuordnung Tumor_ID="1">
                      <Primaertumor_ICD_Code>D07.3</Primaertumor_ICD_Code>
                      <Primaertumor_ICD_Version>10 2022 GM</Primaertumor_ICD_Version>
                      <Diagnosedatum>08.08.1900</Diagnosedatum>
                      <Seitenlokalisation>L</Seitenlokalisation>
                    </Tumorzuordnung>
                    <Menge_OP>
                      <OP OP_ID="280098">
                        <OP_Intention>K</OP_Intention>
                        <OP_Datum>01.09.2022</OP_Datum>
                        <Menge_OPS>
                          <OP_OPS>5-543.42</OP_OPS>
                          <OP_OPS>5-683.00</OP_OPS>
                        </Menge_OPS>
                        <OP_OPS_Version>2022</OP_OPS_Version>
                        <Histologie Histologie_ID="280094">
                          <Tumor_Histologiedatum>01.09.1900</Tumor_Histologiedatum>
                          <Histologie_EinsendeNr>12226123</Histologie_EinsendeNr>
                          <Morphologie_Code>8460/2</Morphologie_Code>
                          <Morphologie_ICD_O_Version>33</Morphologie_ICD_O_Version>
                          <Grading>B</Grading>
                        </Histologie>
                        <TNM TNM_ID="280117_d">
                          <TNM_Datum>01.09.2022</TNM_Datum>
                          <TNM_Version>8</TNM_Version>
                          <TNM_c_p_u_Praefix_T>p</TNM_c_p_u_Praefix_T>
                          <TNM_T>1c3</TNM_T>
                          <TNM_c_p_u_Praefix_N>c</TNM_c_p_u_Praefix_N>
                          <TNM_N>0</TNM_N>
                          <TNM_c_p_u_Praefix_M>c</TNM_c_p_u_Praefix_M>
                          <TNM_M>0</TNM_M>
                          <TNM_L>L0</TNM_L>
                          <TNM_V>V0</TNM_V>
                          <TNM_Pn>Pn0</TNM_Pn>
                        </TNM>
                        <Residualstatus>
                          <Lokale_Beurteilung_Residualstatus>R0</Lokale_Beurteilung_Residualstatus>
                          <Gesamtbeurteilung_Residualstatus>R0</Gesamtbeurteilung_Residualstatus>
                        </Residualstatus>
                        <Menge_Komplikation>
                          <OP_Komplikation>N</OP_Komplikation>
                        </Menge_Komplikation>
                        <Menge_Operateur>
                          <Name_Operateur>jjjjj</Name_Operateur>
                          <Name_Operateur>xxxxx</Name_Operateur>
                        </Menge_Operateur>
                        <Anmerkung>Makroskopischer Tumorrest: R0</Anmerkung>
                      </OP>
                    </Menge_OP>
                  </Meldung>
                </Menge_Meldung>
              </Patient>
            </Menge_Patient>
          </ADT_GEKID>
        ''',
      }),
    }),
    dict({
      'payload': dict({
        'LKR_MELDUNG': 'UR0045297',
        'REFERENZ_NUMMER': '101777777777',
        'VERSIONSNUMMER': 1,
        'XML_DATEN': '''
          <?xml version='1.0' encoding='utf-8'?>
          <ADT_GEKID xmlns="http://www.gekid.de/namespace" Schema_Version="2.2.1">
            <Absender Absender_ID="UKKK_ONKOSTAR" Software_ID="ONKOSTAR" Installations_ID="2.11.1.4">
              <Absender_Bezeichnung>UKKK</Absender_Bezeichnung>
              <Absender_Ansprechpartner />
              <Absender_Anschrift>xxxxxxxxxxxxxxxxxxxx</Absender_Anschrift>
            </Absender>
            <Menge_Patient>
              <Patient>
                <Patienten_Stammdaten Patient_ID="101777777777">
                  <KrankenversichertenNr>277777777</KrankenversichertenNr>
                  <KrankenkassenNr>9777777777</KrankenkassenNr>
                  <Patienten_Nachname>Riedelo</Patienten_Nachname>
                  <Patienten_Titel />
                  <Patienten_Namenszusatz />
                  <Patienten_Vornamen>M</Patienten_Vornamen>
                  <Patienten_Geburtsname />
                  <Patienten_Geschlecht>M</Patienten_Geschlecht>
                  <Patienten_Geburtsdatum>28.10.1900</Patienten_Geburtsdatum>
                  <Menge_Adresse>
                    <Adresse>
                      <Patienten_Strasse>xxxxxxxxx</Patienten_Strasse>
                      <Patienten_Hausnummer />
                      <Patienten_Land>DE</Patienten_Land>
                      <Patienten_PLZ>90</Patienten_PLZ>
                      <Patienten_Ort>xxxxxxx</Patienten_Ort>
                    </Adresse>
                  </Menge_Adresse>
                </Patienten_Stammdaten>
                <Menge_Meldung>
                  <Meldung Meldung_ID="UR0045297" Melder_ID="UR">
                    <Meldedatum>10.03.1900</Meldedatum>
                    <Meldebegruendung>I</Meldebegruendung>
                    <Meldeanlass>diagnose</Meldeanlass>
                    <Tumorzuordnung Tumor_ID="1">
                      <Primaertumor_ICD_Code>C61</Primaertumor_ICD_Code>
                      <Primaertumor_ICD_Version>10 2022 GM</Primaertumor_ICD_Version>
                      <Diagnosedatum>29.07.1900</Diagnosedatum>
                      <Seitenlokalisation>T</Seitenlokalisation>
                    </Tumorzuordnung>
                    <Diagnose Tumor_ID="1">
                      <Primaertumor_ICD_Code>C61</Primaertumor_ICD_Code>
                      <Primaertumor_ICD_Version>10 2022 GM</Primaertumor_ICD_Version>
                      <Primaertumor_Topographie_ICD_O>C61.9</Primaertumor_Topographie_ICD_O>
                      <Primaertumor_Topographie_ICD_O_Version>32</Primaertumor_Topographie_ICD_O_Version>
                      <Diagnosedatum>29.07.1900</Diagnosedatum>
                      <Diagnosesicherung>7</Diagnosesicherung>
                      <Seitenlokalisation>T</Seitenlokalisation>
                      <Menge_Histologie>
                        <Histologie Histologie_ID="345694">
                          <Tumor_Histologiedatum>29.07.1900</Tumor_Histologiedatum>
                          <Histologie_EinsendeNr>12222763</Histologie_EinsendeNr>
                          <Morphologie_Code>8140/3</Morphologie_Code>
                          <Morphologie_ICD_O_Version>33</Morphologie_ICD_O_Version>
                          <Grading>T</Grading>
                        </Histologie>
                      </Menge_Histologie>
                      <cTNM TNM_ID="345695_k">
                        <TNM_Datum>29.07.1900</TNM_Datum>
                        <TNM_Version>8</TNM_Version>
                        <TNM_c_p_u_Praefix_T>c</TNM_c_p_u_Praefix_T>
                        <TNM_T>3b</TNM_T>
                        <TNM_c_p_u_Praefix_N>c</TNM_c_p_u_Praefix_N>
                        <TNM_N>1</TNM_N>
                        <TNM_c_p_u_Praefix_M>c</TNM_c_p_u_Praefix_M>
                        <TNM_M>0</TNM_M>
                      </cTNM>
                      <Menge_Weitere_Klassifikation>
                        <Weitere_Klassifikation>
                          <Datum>29.07.1900</Datum>
                          <Name>UICC</Name>
                          <Stadium>IV</Stadium>
                        </Weitere_Klassifikation>
                      </Menge_Weitere_Klassifikation>
                      <Modul_Prostata>
                        <GleasonScore>
                          <GleasonGradPrimaer>4</GleasonGradPrimaer>
                          <GleasonGradSekundaer>4</GleasonGradSekundaer>
                          <GleasonScoreErgebnis>8</GleasonScoreErgebnis>
                        </GleasonScore>
                        <AnlassGleasonScore>S</AnlassGleasonScore>
                        <DatumStanzen>1900-07-29+02:00</DatumStanzen>
                        <AnzahlStanzen>12</AnzahlStanzen>
                        <AnzahlPosStanzen>9</AnzahlPosStanzen>
                        <CaBefallStanze>
                          <Prozentzahl>80</Prozentzahl>
                        </CaBefallStanze>
                        <PSA>22.200</PSA>
                        <DatumPSA>1900-07-29+02:00</DatumPSA>
                      </Modul_Prostata>
                      <Modul_Allgemein>
                        <DatumStudienrekrutierung>
                          <NU>N</NU>
                        </DatumStudienrekrutierung>
                      </Modul_Allgemein>
                      <Allgemeiner_Leistungszustand>1</Allgemeiner_Leistungszustand>
                    </Diagnose>
                  </Meldung>
                </Menge_Meldung>
              </Patient>
            </Menge_Patient>
          </ADT_GEKID>
        ''',
      }),
    }),
    dict({
      'payload': dict({
        'LKR_MELDUNG': 'ST0047290',
        'REFERENZ_NUMMER': '101777777777',
        'VERSIONSNUMMER': 1,
        'XML_DATEN': '''
          <?xml version='1.0' encoding='utf-8'?>
          <ADT_GEKID xmlns="http://www.gekid.de/namespace" Schema_Version="2.2.1">
            <Absender Absender_ID="UKKK_ONKOSTAR" Software_ID="ONKOSTAR" Installations_ID="2.11.1.4">
              <Absender_Bezeichnung>UKKK</Absender_Bezeichnung>
              <Absender_Ansprechpartner />
              <Absender_Anschrift>xxxxxxxxxxxxxxxxxxxx</Absender_Anschrift>
            </Absender>
            <Menge_Patient>
              <Patient>
                <Patienten_Stammdaten Patient_ID="101777777777">
                  <KrankenversichertenNr>277777777</KrankenversichertenNr>
                  <KrankenkassenNr>9777777777</KrankenkassenNr>
                  <Patienten_Nachname>Riedelo</Patienten_Nachname>
                  <Patienten_Titel />
                  <Patienten_Namenszusatz />
                  <Patienten_Vornamen>M</Patienten_Vornamen>
                  <Patienten_Geburtsname />
                  <Patienten_Geschlecht>M</Patienten_Geschlecht>
                  <Patienten_Geburtsdatum>28.10.1900</Patienten_Geburtsdatum>
                  <Menge_Adresse>
                    <Adresse>
                      <Patienten_Strasse>xxxxxxxxx</Patienten_Strasse>
                      <Patienten_Hausnummer />
                      <Patienten_Land>DE</Patienten_Land>
                      <Patienten_PLZ>90</Patienten_PLZ>
                      <Patienten_Ort>xxxxxxx</Patienten_Ort>
                    </Adresse>
                  </Menge_Adresse>
                </Patienten_Stammdaten>
                <Menge_Meldung>
                  <Meldung Meldung_ID="ST0047290" Melder_ID="ST">
                    <Meldedatum>10.03.1900</Meldedatum>
                    <Meldebegruendung>I</Meldebegruendung>
                    <Meldeanlass>behandlungsbeginn</Meldeanlass>
                    <Tumorzuordnung Tumor_ID="1">
                      <Primaertumor_ICD_Code>C61</Primaertumor_ICD_Code>
                      <Primaertumor_ICD_Version>10 2022 GM</Primaertumor_ICD_Version>
                      <Diagnosedatum>29.07.1900</Diagnosedatum>
                      <Seitenlokalisation>T</Seitenlokalisation>
                    </Tumorzuordnung>
                    <Menge_ST>
                      <ST ST_ID="361237">
                        <ST_Intention>K</ST_Intention>
                        <ST_Stellung_OP>O</ST_Stellung_OP>
                        <Menge_Bestrahlung>
                          <Bestrahlung>
                            <ST_Zielgebiet>5.4.+</ST_Zielgebiet>
                            <ST_Seite_Zielgebiet>U</ST_Seite_Zielgebiet>
                            <ST_Beginn_Datum>13.10.1900</ST_Beginn_Datum>
                            <ST_Applikationsart>PRCN</ST_Applikationsart>
                            <ST_Einzeldosis>
                              <Dosis>1.8</Dosis>
                              <Einheit>Gy</Einheit>
                            </ST_Einzeldosis>
                          </Bestrahlung>
                          <Bestrahlung>
                            <ST_Zielgebiet>5.4.-</ST_Zielgebiet>
                            <ST_Seite_Zielgebiet>U</ST_Seite_Zielgebiet>
                            <ST_Beginn_Datum>28.11.1900</ST_Beginn_Datum>
                            <ST_Applikationsart>S</ST_Applikationsart>
                          </Bestrahlung>
                          <Bestrahlung>
                            <ST_Zielgebiet>5.12.</ST_Zielgebiet>
                            <ST_Seite_Zielgebiet>L</ST_Seite_Zielgebiet>
                            <ST_Beginn_Datum>24.11.1900</ST_Beginn_Datum>
                            <ST_Applikationsart>S</ST_Applikationsart>
                          </Bestrahlung>
                        </Menge_Bestrahlung>
                        <Anmerkung>Boost 1: Brachy-Boost in HDR-Technik ED 9,5 Gy GD 19 Gy Boost 2: SEQ ED 1,8
                          Gy GD 21,6 Gy</Anmerkung>
                      </ST>
                    </Menge_ST>
                  </Meldung>
                </Menge_Meldung>
              </Patient>
            </Menge_Patient>
          </ADT_GEKID>
        ''',
      }),
    }),
  ])
# ---
